Archive member included because of file (symbol)

c:/program files (x86)/atmel/atmel toolchain/avr8 gcc/native/3.4.1061/avr8-gnu-toolchain/bin/../lib/gcc/avr/4.8.1/avr5\libgcc.a(_exit.o)
                              c:/program files (x86)/atmel/atmel toolchain/avr8 gcc/native/3.4.1061/avr8-gnu-toolchain/bin/../lib/gcc/avr/4.8.1/../../../../avr/lib/avr5/crtm168.o (exit)
c:/program files (x86)/atmel/atmel toolchain/avr8 gcc/native/3.4.1061/avr8-gnu-toolchain/bin/../lib/gcc/avr/4.8.1/avr5\libgcc.a(_tablejump.o)
                              ui.o (__tablejump2__)
c:/program files (x86)/atmel/atmel toolchain/avr8 gcc/native/3.4.1061/avr8-gnu-toolchain/bin/../lib/gcc/avr/4.8.1/avr5\libgcc.a(_copy_data.o)
                              lcd.o (__do_copy_data)
c:/program files (x86)/atmel/atmel toolchain/avr8 gcc/native/3.4.1061/avr8-gnu-toolchain/bin/../lib/gcc/avr/4.8.1/avr5\libgcc.a(_clear_bss.o)
                              glcdbp.o (__do_clear_bss)
c:/program files (x86)/atmel/atmel toolchain/avr8 gcc/native/3.4.1061/avr8-gnu-toolchain/bin/../lib/gcc/avr/4.8.1/../../../../avr/lib/avr5\libc.a(eerd_byte_atmega168.o)
                              nvm.o (__eerd_byte_m168)
c:/program files (x86)/atmel/atmel toolchain/avr8 gcc/native/3.4.1061/avr8-gnu-toolchain/bin/../lib/gcc/avr/4.8.1/../../../../avr/lib/avr5\libc.a(eewr_byte_atmega168.o)
                              nvm.o (__eewr_byte_m168)

Allocating common symbols
Common symbol       size              file

rxRingBuffer        0x100             glcdbp.o

Discarded input sections

 .data          0x00000000        0x0 c:/program files (x86)/atmel/atmel toolchain/avr8 gcc/native/3.4.1061/avr8-gnu-toolchain/bin/../lib/gcc/avr/4.8.1/../../../../avr/lib/avr5/crtm168.o
 .bss           0x00000000        0x0 c:/program files (x86)/atmel/atmel toolchain/avr8 gcc/native/3.4.1061/avr8-gnu-toolchain/bin/../lib/gcc/avr/4.8.1/../../../../avr/lib/avr5/crtm168.o
 .text          0x00000000        0x0 glcdbp.o
 .data          0x00000000        0x0 glcdbp.o
 .bss           0x00000000        0x0 glcdbp.o
 .text          0x00000000        0x0 interrupts.o
 .data          0x00000000        0x0 interrupts.o
 .bss           0x00000000        0x0 interrupts.o
 .text          0x00000000        0x0 io_support.o
 .data          0x00000000        0x0 io_support.o
 .bss           0x00000000        0x0 io_support.o
 .text          0x00000000        0x0 ks0108b.o
 .data          0x00000000        0x0 ks0108b.o
 .bss           0x00000000        0x0 ks0108b.o
 .text.ks0108bSetStartLine
                0x00000000       0x1a ks0108b.o
 .text          0x00000000        0x0 lcd.o
 .data          0x00000000        0x0 lcd.o
 .bss           0x00000000        0x0 lcd.o
 .text          0x00000000        0x0 nvm.o
 .data          0x00000000        0x0 nvm.o
 .bss           0x00000000        0x0 nvm.o
 .text          0x00000000        0x0 serial.o
 .data          0x00000000        0x0 serial.o
 .bss           0x00000000        0x0 serial.o
 .text.putChar  0x00000000       0x10 serial.o
 .text.putHex   0x00000000       0x2e serial.o
 .text.putDec   0x00000000       0x6a serial.o
 .text.putBin   0x00000000       0x26 serial.o
 .text.putLine  0x00000000       0x2a serial.o
 .text          0x00000000        0x0 t6963.o
 .data          0x00000000        0x0 t6963.o
 .bss           0x00000000        0x0 t6963.o
 .text.t6963BitSR
                0x00000000        0xa t6963.o
 .text          0x00000000        0x0 ui.o
 .data          0x00000000        0x0 ui.o
 .bss           0x00000000        0x0 ui.o
 .text          0x00000000        0x0 c:/program files (x86)/atmel/atmel toolchain/avr8 gcc/native/3.4.1061/avr8-gnu-toolchain/bin/../lib/gcc/avr/4.8.1/avr5\libgcc.a(_exit.o)
 .data          0x00000000        0x0 c:/program files (x86)/atmel/atmel toolchain/avr8 gcc/native/3.4.1061/avr8-gnu-toolchain/bin/../lib/gcc/avr/4.8.1/avr5\libgcc.a(_exit.o)
 .bss           0x00000000        0x0 c:/program files (x86)/atmel/atmel toolchain/avr8 gcc/native/3.4.1061/avr8-gnu-toolchain/bin/../lib/gcc/avr/4.8.1/avr5\libgcc.a(_exit.o)
 .text.libgcc.mul
                0x00000000        0x0 c:/program files (x86)/atmel/atmel toolchain/avr8 gcc/native/3.4.1061/avr8-gnu-toolchain/bin/../lib/gcc/avr/4.8.1/avr5\libgcc.a(_exit.o)
 .text.libgcc.div
                0x00000000        0x0 c:/program files (x86)/atmel/atmel toolchain/avr8 gcc/native/3.4.1061/avr8-gnu-toolchain/bin/../lib/gcc/avr/4.8.1/avr5\libgcc.a(_exit.o)
 .text.libgcc   0x00000000        0x0 c:/program files (x86)/atmel/atmel toolchain/avr8 gcc/native/3.4.1061/avr8-gnu-toolchain/bin/../lib/gcc/avr/4.8.1/avr5\libgcc.a(_exit.o)
 .text.libgcc.prologue
                0x00000000        0x0 c:/program files (x86)/atmel/atmel toolchain/avr8 gcc/native/3.4.1061/avr8-gnu-toolchain/bin/../lib/gcc/avr/4.8.1/avr5\libgcc.a(_exit.o)
 .text.libgcc.builtins
                0x00000000        0x0 c:/program files (x86)/atmel/atmel toolchain/avr8 gcc/native/3.4.1061/avr8-gnu-toolchain/bin/../lib/gcc/avr/4.8.1/avr5\libgcc.a(_exit.o)
 .text.libgcc.fmul
                0x00000000        0x0 c:/program files (x86)/atmel/atmel toolchain/avr8 gcc/native/3.4.1061/avr8-gnu-toolchain/bin/../lib/gcc/avr/4.8.1/avr5\libgcc.a(_exit.o)
 .text.libgcc.fixed
                0x00000000        0x0 c:/program files (x86)/atmel/atmel toolchain/avr8 gcc/native/3.4.1061/avr8-gnu-toolchain/bin/../lib/gcc/avr/4.8.1/avr5\libgcc.a(_exit.o)
 .text          0x00000000        0x0 c:/program files (x86)/atmel/atmel toolchain/avr8 gcc/native/3.4.1061/avr8-gnu-toolchain/bin/../lib/gcc/avr/4.8.1/avr5\libgcc.a(_tablejump.o)
 .data          0x00000000        0x0 c:/program files (x86)/atmel/atmel toolchain/avr8 gcc/native/3.4.1061/avr8-gnu-toolchain/bin/../lib/gcc/avr/4.8.1/avr5\libgcc.a(_tablejump.o)
 .bss           0x00000000        0x0 c:/program files (x86)/atmel/atmel toolchain/avr8 gcc/native/3.4.1061/avr8-gnu-toolchain/bin/../lib/gcc/avr/4.8.1/avr5\libgcc.a(_tablejump.o)
 .text.libgcc.mul
                0x00000000        0x0 c:/program files (x86)/atmel/atmel toolchain/avr8 gcc/native/3.4.1061/avr8-gnu-toolchain/bin/../lib/gcc/avr/4.8.1/avr5\libgcc.a(_tablejump.o)
 .text.libgcc.div
                0x00000000        0x0 c:/program files (x86)/atmel/atmel toolchain/avr8 gcc/native/3.4.1061/avr8-gnu-toolchain/bin/../lib/gcc/avr/4.8.1/avr5\libgcc.a(_tablejump.o)
 .text.libgcc.prologue
                0x00000000        0x0 c:/program files (x86)/atmel/atmel toolchain/avr8 gcc/native/3.4.1061/avr8-gnu-toolchain/bin/../lib/gcc/avr/4.8.1/avr5\libgcc.a(_tablejump.o)
 .text.libgcc.builtins
                0x00000000        0x0 c:/program files (x86)/atmel/atmel toolchain/avr8 gcc/native/3.4.1061/avr8-gnu-toolchain/bin/../lib/gcc/avr/4.8.1/avr5\libgcc.a(_tablejump.o)
 .text.libgcc.fmul
                0x00000000        0x0 c:/program files (x86)/atmel/atmel toolchain/avr8 gcc/native/3.4.1061/avr8-gnu-toolchain/bin/../lib/gcc/avr/4.8.1/avr5\libgcc.a(_tablejump.o)
 .text.libgcc.fixed
                0x00000000        0x0 c:/program files (x86)/atmel/atmel toolchain/avr8 gcc/native/3.4.1061/avr8-gnu-toolchain/bin/../lib/gcc/avr/4.8.1/avr5\libgcc.a(_tablejump.o)
 .text          0x00000000        0x0 c:/program files (x86)/atmel/atmel toolchain/avr8 gcc/native/3.4.1061/avr8-gnu-toolchain/bin/../lib/gcc/avr/4.8.1/avr5\libgcc.a(_copy_data.o)
 .data          0x00000000        0x0 c:/program files (x86)/atmel/atmel toolchain/avr8 gcc/native/3.4.1061/avr8-gnu-toolchain/bin/../lib/gcc/avr/4.8.1/avr5\libgcc.a(_copy_data.o)
 .bss           0x00000000        0x0 c:/program files (x86)/atmel/atmel toolchain/avr8 gcc/native/3.4.1061/avr8-gnu-toolchain/bin/../lib/gcc/avr/4.8.1/avr5\libgcc.a(_copy_data.o)
 .text.libgcc.mul
                0x00000000        0x0 c:/program files (x86)/atmel/atmel toolchain/avr8 gcc/native/3.4.1061/avr8-gnu-toolchain/bin/../lib/gcc/avr/4.8.1/avr5\libgcc.a(_copy_data.o)
 .text.libgcc.div
                0x00000000        0x0 c:/program files (x86)/atmel/atmel toolchain/avr8 gcc/native/3.4.1061/avr8-gnu-toolchain/bin/../lib/gcc/avr/4.8.1/avr5\libgcc.a(_copy_data.o)
 .text.libgcc   0x00000000        0x0 c:/program files (x86)/atmel/atmel toolchain/avr8 gcc/native/3.4.1061/avr8-gnu-toolchain/bin/../lib/gcc/avr/4.8.1/avr5\libgcc.a(_copy_data.o)
 .text.libgcc.prologue
                0x00000000        0x0 c:/program files (x86)/atmel/atmel toolchain/avr8 gcc/native/3.4.1061/avr8-gnu-toolchain/bin/../lib/gcc/avr/4.8.1/avr5\libgcc.a(_copy_data.o)
 .text.libgcc.builtins
                0x00000000        0x0 c:/program files (x86)/atmel/atmel toolchain/avr8 gcc/native/3.4.1061/avr8-gnu-toolchain/bin/../lib/gcc/avr/4.8.1/avr5\libgcc.a(_copy_data.o)
 .text.libgcc.fmul
                0x00000000        0x0 c:/program files (x86)/atmel/atmel toolchain/avr8 gcc/native/3.4.1061/avr8-gnu-toolchain/bin/../lib/gcc/avr/4.8.1/avr5\libgcc.a(_copy_data.o)
 .text.libgcc.fixed
                0x00000000        0x0 c:/program files (x86)/atmel/atmel toolchain/avr8 gcc/native/3.4.1061/avr8-gnu-toolchain/bin/../lib/gcc/avr/4.8.1/avr5\libgcc.a(_copy_data.o)
 .text          0x00000000        0x0 c:/program files (x86)/atmel/atmel toolchain/avr8 gcc/native/3.4.1061/avr8-gnu-toolchain/bin/../lib/gcc/avr/4.8.1/avr5\libgcc.a(_clear_bss.o)
 .data          0x00000000        0x0 c:/program files (x86)/atmel/atmel toolchain/avr8 gcc/native/3.4.1061/avr8-gnu-toolchain/bin/../lib/gcc/avr/4.8.1/avr5\libgcc.a(_clear_bss.o)
 .bss           0x00000000        0x0 c:/program files (x86)/atmel/atmel toolchain/avr8 gcc/native/3.4.1061/avr8-gnu-toolchain/bin/../lib/gcc/avr/4.8.1/avr5\libgcc.a(_clear_bss.o)
 .text.libgcc.mul
                0x00000000        0x0 c:/program files (x86)/atmel/atmel toolchain/avr8 gcc/native/3.4.1061/avr8-gnu-toolchain/bin/../lib/gcc/avr/4.8.1/avr5\libgcc.a(_clear_bss.o)
 .text.libgcc.div
                0x00000000        0x0 c:/program files (x86)/atmel/atmel toolchain/avr8 gcc/native/3.4.1061/avr8-gnu-toolchain/bin/../lib/gcc/avr/4.8.1/avr5\libgcc.a(_clear_bss.o)
 .text.libgcc   0x00000000        0x0 c:/program files (x86)/atmel/atmel toolchain/avr8 gcc/native/3.4.1061/avr8-gnu-toolchain/bin/../lib/gcc/avr/4.8.1/avr5\libgcc.a(_clear_bss.o)
 .text.libgcc.prologue
                0x00000000        0x0 c:/program files (x86)/atmel/atmel toolchain/avr8 gcc/native/3.4.1061/avr8-gnu-toolchain/bin/../lib/gcc/avr/4.8.1/avr5\libgcc.a(_clear_bss.o)
 .text.libgcc.builtins
                0x00000000        0x0 c:/program files (x86)/atmel/atmel toolchain/avr8 gcc/native/3.4.1061/avr8-gnu-toolchain/bin/../lib/gcc/avr/4.8.1/avr5\libgcc.a(_clear_bss.o)
 .text.libgcc.fmul
                0x00000000        0x0 c:/program files (x86)/atmel/atmel toolchain/avr8 gcc/native/3.4.1061/avr8-gnu-toolchain/bin/../lib/gcc/avr/4.8.1/avr5\libgcc.a(_clear_bss.o)
 .text.libgcc.fixed
                0x00000000        0x0 c:/program files (x86)/atmel/atmel toolchain/avr8 gcc/native/3.4.1061/avr8-gnu-toolchain/bin/../lib/gcc/avr/4.8.1/avr5\libgcc.a(_clear_bss.o)
 .text          0x00000000        0x0 c:/program files (x86)/atmel/atmel toolchain/avr8 gcc/native/3.4.1061/avr8-gnu-toolchain/bin/../lib/gcc/avr/4.8.1/../../../../avr/lib/avr5\libc.a(eerd_byte_atmega168.o)
 .data          0x00000000        0x0 c:/program files (x86)/atmel/atmel toolchain/avr8 gcc/native/3.4.1061/avr8-gnu-toolchain/bin/../lib/gcc/avr/4.8.1/../../../../avr/lib/avr5\libc.a(eerd_byte_atmega168.o)
 .bss           0x00000000        0x0 c:/program files (x86)/atmel/atmel toolchain/avr8 gcc/native/3.4.1061/avr8-gnu-toolchain/bin/../lib/gcc/avr/4.8.1/../../../../avr/lib/avr5\libc.a(eerd_byte_atmega168.o)
 .text          0x00000000        0x0 c:/program files (x86)/atmel/atmel toolchain/avr8 gcc/native/3.4.1061/avr8-gnu-toolchain/bin/../lib/gcc/avr/4.8.1/../../../../avr/lib/avr5\libc.a(eewr_byte_atmega168.o)
 .data          0x00000000        0x0 c:/program files (x86)/atmel/atmel toolchain/avr8 gcc/native/3.4.1061/avr8-gnu-toolchain/bin/../lib/gcc/avr/4.8.1/../../../../avr/lib/avr5\libc.a(eewr_byte_atmega168.o)
 .bss           0x00000000        0x0 c:/program files (x86)/atmel/atmel toolchain/avr8 gcc/native/3.4.1061/avr8-gnu-toolchain/bin/../lib/gcc/avr/4.8.1/../../../../avr/lib/avr5\libc.a(eewr_byte_atmega168.o)

Memory Configuration

Name             Origin             Length             Attributes
text             0x00000000         0x00020000         xr
data             0x00800060         0x0000ffa0         rw !x
eeprom           0x00810000         0x00010000         rw !x
fuse             0x00820000         0x00000400         rw !x
lock             0x00830000         0x00000400         rw !x
signature        0x00840000         0x00000400         rw !x
user_signatures  0x00850000         0x00000400         rw !x
*default*        0x00000000         0xffffffff

Linker script and memory map

Address of section .data set to 0x800100
LOAD c:/program files (x86)/atmel/atmel toolchain/avr8 gcc/native/3.4.1061/avr8-gnu-toolchain/bin/../lib/gcc/avr/4.8.1/../../../../avr/lib/avr5/crtm168.o
LOAD glcdbp.o
LOAD interrupts.o
LOAD io_support.o
LOAD ks0108b.o
LOAD lcd.o
LOAD nvm.o
LOAD serial.o
LOAD t6963.o
LOAD ui.o
START GROUP
LOAD c:/program files (x86)/atmel/atmel toolchain/avr8 gcc/native/3.4.1061/avr8-gnu-toolchain/bin/../lib/gcc/avr/4.8.1/../../../../avr/lib/avr5\libm.a
END GROUP
START GROUP
LOAD c:/program files (x86)/atmel/atmel toolchain/avr8 gcc/native/3.4.1061/avr8-gnu-toolchain/bin/../lib/gcc/avr/4.8.1/avr5\libgcc.a
LOAD c:/program files (x86)/atmel/atmel toolchain/avr8 gcc/native/3.4.1061/avr8-gnu-toolchain/bin/../lib/gcc/avr/4.8.1/../../../../avr/lib/avr5\libm.a
LOAD c:/program files (x86)/atmel/atmel toolchain/avr8 gcc/native/3.4.1061/avr8-gnu-toolchain/bin/../lib/gcc/avr/4.8.1/../../../../avr/lib/avr5\libc.a
END GROUP

.hash
 *(.hash)

.dynsym
 *(.dynsym)

.dynstr
 *(.dynstr)

.gnu.version
 *(.gnu.version)

.gnu.version_d
 *(.gnu.version_d)

.gnu.version_r
 *(.gnu.version_r)

.rel.init
 *(.rel.init)

.rela.init
 *(.rela.init)

.rel.text
 *(.rel.text)
 *(.rel.text.*)
 *(.rel.gnu.linkonce.t*)

.rela.text
 *(.rela.text)
 *(.rela.text.*)
 *(.rela.gnu.linkonce.t*)

.rel.fini
 *(.rel.fini)

.rela.fini
 *(.rela.fini)

.rel.rodata
 *(.rel.rodata)
 *(.rel.rodata.*)
 *(.rel.gnu.linkonce.r*)

.rela.rodata
 *(.rela.rodata)
 *(.rela.rodata.*)
 *(.rela.gnu.linkonce.r*)

.rel.data
 *(.rel.data)
 *(.rel.data.*)
 *(.rel.gnu.linkonce.d*)

.rela.data
 *(.rela.data)
 *(.rela.data.*)
 *(.rela.gnu.linkonce.d*)

.rel.ctors
 *(.rel.ctors)

.rela.ctors
 *(.rela.ctors)

.rel.dtors
 *(.rel.dtors)

.rela.dtors
 *(.rela.dtors)

.rel.got
 *(.rel.got)

.rela.got
 *(.rela.got)

.rel.bss
 *(.rel.bss)

.rela.bss
 *(.rela.bss)

.rel.plt
 *(.rel.plt)

.rela.plt
 *(.rela.plt)

.text           0x00000000     0x2724
 *(.vectors)
 .vectors       0x00000000       0x68 c:/program files (x86)/atmel/atmel toolchain/avr8 gcc/native/3.4.1061/avr8-gnu-toolchain/bin/../lib/gcc/avr/4.8.1/../../../../avr/lib/avr5/crtm168.o
                0x00000000                __vector_default
                0x00000000                __vectors
 *(.vectors)
 *(.progmem.gcc*)
 .progmem.gcc_sw_table.uiStateMachine
                0x00000068       0x34 ui.o
                0x0000009c                . = ALIGN (0x2)
                0x0000009c                __trampolines_start = .
 *(.trampolines)
 .trampolines   0x0000009c        0x0 linker stubs
 *(.trampolines*)
                0x0000009c                __trampolines_end = .
 *(.progmem*)
 .progmem.data.bigNumArray
                0x0000009c      0xc80 lcd.o
 .progmem.data.maskArray
                0x00000d1c       0x40 lcd.o
 .progmem.data.spriteArray
                0x00000d5c       0x40 lcd.o
 .progmem.data.logoArray
                0x00000d9c       0x14 lcd.o
 .progmem.data.characterArray
                0x00000db0      0x1db lcd.o
                0x00000f8c                . = ALIGN (0x2)
 *fill*         0x00000f8b        0x1 
 *(.jumptables)
 *(.jumptables*)
 *(.lowtext)
 *(.lowtext*)
                0x00000f8c                __ctors_start = .
 *(.ctors)
                0x00000f8c                __ctors_end = .
                0x00000f8c                __dtors_start = .
 *(.dtors)
                0x00000f8c                __dtors_end = .
 SORT(*)(.ctors)
 SORT(*)(.dtors)
 *(.init0)
 .init0         0x00000f8c        0x0 c:/program files (x86)/atmel/atmel toolchain/avr8 gcc/native/3.4.1061/avr8-gnu-toolchain/bin/../lib/gcc/avr/4.8.1/../../../../avr/lib/avr5/crtm168.o
                0x00000f8c                __init
 *(.init0)
 *(.init1)
 *(.init1)
 *(.init2)
 .init2         0x00000f8c        0xc c:/program files (x86)/atmel/atmel toolchain/avr8 gcc/native/3.4.1061/avr8-gnu-toolchain/bin/../lib/gcc/avr/4.8.1/../../../../avr/lib/avr5/crtm168.o
 *(.init2)
 *(.init3)
 *(.init3)
 *(.init4)
 .init4         0x00000f98       0x16 c:/program files (x86)/atmel/atmel toolchain/avr8 gcc/native/3.4.1061/avr8-gnu-toolchain/bin/../lib/gcc/avr/4.8.1/avr5\libgcc.a(_copy_data.o)
                0x00000f98                __do_copy_data
 .init4         0x00000fae       0x10 c:/program files (x86)/atmel/atmel toolchain/avr8 gcc/native/3.4.1061/avr8-gnu-toolchain/bin/../lib/gcc/avr/4.8.1/avr5\libgcc.a(_clear_bss.o)
                0x00000fae                __do_clear_bss
 *(.init4)
 *(.init5)
 *(.init5)
 *(.init6)
 *(.init6)
 *(.init7)
 *(.init7)
 *(.init8)
 *(.init8)
 *(.init9)
 .init9         0x00000fbe        0x8 c:/program files (x86)/atmel/atmel toolchain/avr8 gcc/native/3.4.1061/avr8-gnu-toolchain/bin/../lib/gcc/avr/4.8.1/../../../../avr/lib/avr5/crtm168.o
 *(.init9)
 *(.text)
 .text          0x00000fc6        0x4 c:/program files (x86)/atmel/atmel toolchain/avr8 gcc/native/3.4.1061/avr8-gnu-toolchain/bin/../lib/gcc/avr/4.8.1/../../../../avr/lib/avr5/crtm168.o
                0x00000fc6                __vector_22
                0x00000fc6                __vector_1
                0x00000fc6                __vector_24
                0x00000fc6                __vector_12
                0x00000fc6                __bad_interrupt
                0x00000fc6                __vector_6
                0x00000fc6                __vector_3
                0x00000fc6                __vector_23
                0x00000fc6                __vector_25
                0x00000fc6                __vector_11
                0x00000fc6                __vector_13
                0x00000fc6                __vector_17
                0x00000fc6                __vector_19
                0x00000fc6                __vector_7
                0x00000fc6                __vector_5
                0x00000fc6                __vector_4
                0x00000fc6                __vector_9
                0x00000fc6                __vector_2
                0x00000fc6                __vector_21
                0x00000fc6                __vector_15
                0x00000fc6                __vector_8
                0x00000fc6                __vector_14
                0x00000fc6                __vector_10
                0x00000fc6                __vector_16
                0x00000fc6                __vector_20
                0x00000fca                . = ALIGN (0x2)
 *(.text.*)
 .text.timerInit
                0x00000fca       0x28 glcdbp.o
                0x00000fca                timerInit
 .text.main     0x00000ff2       0xfe glcdbp.o
                0x00000ff2                main
 .text.__vector_18
                0x000010f0       0x6e interrupts.o
                0x000010f0                __vector_18
 .text.ioInit   0x0000115e       0x26 io_support.o
                0x0000115e                ioInit
 .text.setData  0x00001184       0x2c io_support.o
                0x00001184                setData
 .text.readData
                0x000011b0       0x18 io_support.o
                0x000011b0                readData
 .text.hiZDataPins
                0x000011c8        0xe io_support.o
                0x000011c8                hiZDataPins
 .text.ks0108bReset
                0x000011d6       0x2a ks0108b.o
                0x000011d6                ks0108bReset
 .text.strobeEN
                0x00001200       0x1e ks0108b.o
                0x00001200                strobeEN
 .text.setPinsDefault
                0x0000121e        0xa ks0108b.o
                0x0000121e                setPinsDefault
 .text.ks0108bDisplayOn
                0x00001228       0x1a ks0108b.o
                0x00001228                ks0108bDisplayOn
 .text.ks0108bSetColumn
                0x00001242       0x20 ks0108b.o
                0x00001242                ks0108bSetColumn
 .text.ks0108bSetPage
                0x00001262       0x1c ks0108b.o
                0x00001262                ks0108bSetPage
 .text.ks0108bWriteData
                0x0000127e       0x40 ks0108b.o
                0x0000127e                ks0108bWriteData
 .text.ks0108bClear
                0x000012be       0x4a ks0108b.o
                0x000012be                ks0108bClear
 .text.ks0108bReadData
                0x00001308       0x4c ks0108b.o
                0x00001308                ks0108bReadData
 .text.ks0108bReadBlock
                0x00001354       0xb6 ks0108b.o
                0x00001354                ks0108bReadBlock
 .text.ks0108bDrawPixel
                0x0000140a       0xa2 ks0108b.o
                0x0000140a                ks0108bDrawPixel
 .text.lcdConfig
                0x000014ac       0x34 lcd.o
                0x000014ac                lcdConfig
 .text.lcdClearScreen
                0x000014e0       0x2c lcd.o
                0x000014e0                lcdClearScreen
 .text.lcdDrawPixel
                0x0000150c       0x38 lcd.o
                0x0000150c                lcdDrawPixel
 .text.lcdDrawLine
                0x00001544      0x1ce lcd.o
                0x00001544                lcdDrawLine
 .text.lcdDrawBox
                0x00001712       0x4c lcd.o
                0x00001712                lcdDrawBox
 .text.lcdDrawCircle
                0x0000175e      0x100 lcd.o
                0x0000175e                lcdDrawCircle
 .text.lcdDrawChar
                0x0000185e      0x2e2 lcd.o
                0x0000185e                lcdDrawChar
 .text.lcdEraseBlock
                0x00001b40       0x58 lcd.o
                0x00001b40                lcdEraseBlock
 .text.lcdDrawLogo
                0x00001b98       0xfe lcd.o
                0x00001b98                lcdDrawLogo
 .text.lcdGetDataBlock
                0x00001c96       0x14 lcd.o
                0x00001c96                lcdGetDataBlock
 .text.lcdDrawSprite
                0x00001caa      0x2c0 lcd.o
                0x00001caa                lcdDrawSprite
 .text.lcdDrawBig
                0x00001f6a       0xf0 lcd.o
                0x00001f6a                lcdDrawBig
 .text.toggleSplash
                0x0000205a       0x16 nvm.o
                0x0000205a                toggleSplash
 .text.getSplash
                0x00002070        0xa nvm.o
                0x00002070                getSplash
 .text.toggleReverse
                0x0000207a       0x18 nvm.o
                0x0000207a                toggleReverse
 .text.getReverse
                0x00002092        0xc nvm.o
                0x00002092                getReverse
 .text.setBaudRate
                0x0000209e       0x14 nvm.o
                0x0000209e                setBaudRate
 .text.getBaudRate
                0x000020b2        0xa nvm.o
                0x000020b2                getBaudRate
 .text.setBacklightLevel
                0x000020bc        0xc nvm.o
                0x000020bc                setBacklightLevel
 .text.getBacklightLevel
                0x000020c8        0xa nvm.o
                0x000020c8                getBacklightLevel
 .text.serialInit
                0x000020d2       0x1c serial.o
                0x000020d2                serialInit
 .text.serialBufferPop
                0x000020ee       0x40 serial.o
                0x000020ee                serialBufferPop
 .text.clearBuffer
                0x0000212e       0x16 serial.o
                0x0000212e                clearBuffer
 .text.t6963ReadStatus
                0x00002144       0x22 t6963.o
                0x00002144                t6963ReadStatus
 .text.t6963BusyWait
                0x00002166        0xa t6963.o
                0x00002166                t6963BusyWait
 .text.t6963WriteData
                0x00002170       0x32 t6963.o
                0x00002170                t6963WriteData
 .text.t6963ReadData
                0x000021a2       0x2a t6963.o
                0x000021a2                t6963ReadData
 .text.t6963WriteCmd
                0x000021cc       0x36 t6963.o
                0x000021cc                t6963WriteCmd
 .text.t6963SetPointer
                0x00002202       0x30 t6963.o
                0x00002202                t6963SetPointer
 .text.t6963Clear
                0x00002232       0x38 t6963.o
                0x00002232                t6963Clear
 .text.t6963DisplayInit
                0x0000226a       0x32 t6963.o
                0x0000226a                t6963DisplayInit
 .text.t6963DrawPixel
                0x0000229c       0x46 t6963.o
                0x0000229c                t6963DrawPixel
 .text.t6963ReadBlock
                0x000022e2      0x11c t6963.o
                0x000022e2                t6963ReadBlock
 .text.uiStateMachine
                0x000023fe      0x2ea ui.o
                0x000023fe                uiStateMachine
 .text.libgcc   0x000026e8        0xc c:/program files (x86)/atmel/atmel toolchain/avr8 gcc/native/3.4.1061/avr8-gnu-toolchain/bin/../lib/gcc/avr/4.8.1/avr5\libgcc.a(_tablejump.o)
                0x000026e8                __tablejump2__
                0x000026ec                __tablejump__
 .text.avr-libc
                0x000026f4       0x10 c:/program files (x86)/atmel/atmel toolchain/avr8 gcc/native/3.4.1061/avr8-gnu-toolchain/bin/../lib/gcc/avr/4.8.1/../../../../avr/lib/avr5\libc.a(eerd_byte_atmega168.o)
                0x000026f4                __eerd_byte_m168
 .text.avr-libc
                0x00002704       0x1c c:/program files (x86)/atmel/atmel toolchain/avr8 gcc/native/3.4.1061/avr8-gnu-toolchain/bin/../lib/gcc/avr/4.8.1/../../../../avr/lib/avr5\libc.a(eewr_byte_atmega168.o)
                0x00002704                __eewr_byte_m168
                0x00002706                __eewr_r18_m168
                0x00002720                . = ALIGN (0x2)
 *(.fini9)
 .fini9         0x00002720        0x0 c:/program files (x86)/atmel/atmel toolchain/avr8 gcc/native/3.4.1061/avr8-gnu-toolchain/bin/../lib/gcc/avr/4.8.1/avr5\libgcc.a(_exit.o)
                0x00002720                _exit
                0x00002720                exit
 *(.fini9)
 *(.fini8)
 *(.fini8)
 *(.fini7)
 *(.fini7)
 *(.fini6)
 *(.fini6)
 *(.fini5)
 *(.fini5)
 *(.fini4)
 *(.fini4)
 *(.fini3)
 *(.fini3)
 *(.fini2)
 *(.fini2)
 *(.fini1)
 *(.fini1)
 *(.fini0)
 .fini0         0x00002720        0x4 c:/program files (x86)/atmel/atmel toolchain/avr8 gcc/native/3.4.1061/avr8-gnu-toolchain/bin/../lib/gcc/avr/4.8.1/avr5\libgcc.a(_exit.o)
 *(.fini0)
                0x00002724                _etext = .

.data           0x00800100        0x2 load address 0x00002724
                0x00800100                PROVIDE (__data_start, .)
 *(.data)
 *(.data*)
 .data.yDim     0x00800100        0x1 lcd.o
                0x00800100                yDim
 .data.xDim     0x00800101        0x1 lcd.o
                0x00800101                xDim
 *(.rodata)
 *(.rodata*)
 *(.gnu.linkonce.d*)
                0x00800102                . = ALIGN (0x2)
                0x00800102                _edata = .
                0x00800102                PROVIDE (__data_end, .)

.bss            0x00800102      0x10e
                0x00800102                PROVIDE (__bss_start, .)
 *(.bss)
 *(.bss*)
 .bss.reverse   0x00800102        0x1 glcdbp.o
                0x00800102                reverse
 .bss.rxRingTail
                0x00800103        0x2 glcdbp.o
                0x00800103                rxRingTail
 .bss.rxRingHead
                0x00800105        0x2 glcdbp.o
                0x00800105                rxRingHead
 .bss.bufferSize
                0x00800107        0x1 glcdbp.o
                0x00800107                bufferSize
 .bss.display   0x00800108        0x1 glcdbp.o
                0x00800108                display
 .bss.column    0x00800109        0x1 ks0108b.o
                0x00800109                column
 .bss.textLength
                0x0080010a        0x2 lcd.o
                0x0080010a                textLength
 .bss.textOrigin
                0x0080010c        0x2 lcd.o
                0x0080010c                textOrigin
 .bss.cursorPos
                0x0080010e        0x2 lcd.o
                0x0080010e                cursorPos
 *(COMMON)
 COMMON         0x00800110      0x100 glcdbp.o
                0x00800110                rxRingBuffer
                0x00800210                PROVIDE (__bss_end, .)
                0x00002724                __data_load_start = LOADADDR (.data)
                0x00002726                __data_load_end = (__data_load_start + SIZEOF (.data))

.noinit         0x00800210        0x0
                0x00800210                PROVIDE (__noinit_start, .)
 *(.noinit*)
                0x00800210                PROVIDE (__noinit_end, .)
                0x00800210                _end = .
                0x00800210                PROVIDE (__heap_start, .)

.eeprom         0x00810000        0x0
 *(.eeprom*)
                0x00810000                __eeprom_end = .

.fuse
 *(.fuse)
 *(.lfuse)
 *(.hfuse)
 *(.efuse)

.lock
 *(.lock*)

.signature
 *(.signature*)

.user_signatures
 *(.user_signatures*)

.stab
 *(.stab)

.stabstr
 *(.stabstr)

.stab.excl
 *(.stab.excl)

.stab.exclstr
 *(.stab.exclstr)

.stab.index
 *(.stab.index)

.stab.indexstr
 *(.stab.indexstr)

.comment        0x00000000       0x30
 *(.comment)
 .comment       0x00000000       0x30 glcdbp.o
                                 0x31 (size before relaxing)
 .comment       0x00000000       0x31 interrupts.o
 .comment       0x00000000       0x31 io_support.o
 .comment       0x00000000       0x31 ks0108b.o
 .comment       0x00000000       0x31 lcd.o
 .comment       0x00000000       0x31 nvm.o
 .comment       0x00000000       0x31 serial.o
 .comment       0x00000000       0x31 t6963.o
 .comment       0x00000000       0x31 ui.o

.note.gnu.build-id
 *(.note.gnu.build-id)

.debug
 *(.debug)

.line
 *(.line)

.debug_srcinfo
 *(.debug_srcinfo)

.debug_sfnames
 *(.debug_sfnames)

.debug_aranges  0x00000000      0x2b0
 *(.debug_aranges)
 .debug_aranges
                0x00000000       0x28 glcdbp.o
 .debug_aranges
                0x00000028       0x20 interrupts.o
 .debug_aranges
                0x00000048       0x38 io_support.o
 .debug_aranges
                0x00000080       0x78 ks0108b.o
 .debug_aranges
                0x000000f8       0x78 lcd.o
 .debug_aranges
                0x00000170       0x58 nvm.o
 .debug_aranges
                0x000001c8       0x58 serial.o
 .debug_aranges
                0x00000220       0x70 t6963.o
 .debug_aranges
                0x00000290       0x20 ui.o

.debug_pubnames
 *(.debug_pubnames)

.debug_info     0x00000000     0x36c8
 *(.debug_info .gnu.linkonce.wi.*)
 .debug_info    0x00000000      0x54b glcdbp.o
 .debug_info    0x0000054b       0xdb interrupts.o
 .debug_info    0x00000626      0x117 io_support.o
 .debug_info    0x0000073d      0x8e1 ks0108b.o
 .debug_info    0x0000101e     0x11a6 lcd.o
 .debug_info    0x000021c4      0x2ba nvm.o
 .debug_info    0x0000247e      0x326 serial.o
 .debug_info    0x000027a4      0x925 t6963.o
 .debug_info    0x000030c9      0x5ff ui.o

.debug_abbrev   0x00000000      0xe0c
 *(.debug_abbrev)
 .debug_abbrev  0x00000000      0x1c4 glcdbp.o
 .debug_abbrev  0x000001c4       0x7b interrupts.o
 .debug_abbrev  0x0000023f       0xce io_support.o
 .debug_abbrev  0x0000030d      0x284 ks0108b.o
 .debug_abbrev  0x00000591      0x255 lcd.o
 .debug_abbrev  0x000007e6       0xf0 nvm.o
 .debug_abbrev  0x000008d6      0x157 serial.o
 .debug_abbrev  0x00000a2d      0x267 t6963.o
 .debug_abbrev  0x00000c94      0x178 ui.o

.debug_line     0x00000000     0x115d
 *(.debug_line .debug_line.* .debug_line_end)
 .debug_line    0x00000000      0x1cf glcdbp.o
 .debug_line    0x000001cf       0xba interrupts.o
 .debug_line    0x00000289      0x102 io_support.o
 .debug_line    0x0000038b      0x2d8 ks0108b.o
 .debug_line    0x00000663      0x3ab lcd.o
 .debug_line    0x00000a0e      0x19a nvm.o
 .debug_line    0x00000ba8      0x166 serial.o
 .debug_line    0x00000d0e      0x2e5 t6963.o
 .debug_line    0x00000ff3      0x16a ui.o

.debug_frame    0x00000000      0x7a8
 *(.debug_frame)
 .debug_frame   0x00000000       0x34 glcdbp.o
 .debug_frame   0x00000034       0x4c interrupts.o
 .debug_frame   0x00000080       0x54 io_support.o
 .debug_frame   0x000000d4      0x134 ks0108b.o
 .debug_frame   0x00000208      0x2b0 lcd.o
 .debug_frame   0x000004b8       0x94 nvm.o
 .debug_frame   0x0000054c       0xc8 serial.o
 .debug_frame   0x00000614      0x150 t6963.o
 .debug_frame   0x00000764       0x44 ui.o

.debug_str      0x00000000      0x7d2
 *(.debug_str)
 .debug_str     0x00000000      0x327 glcdbp.o
                                0x360 (size before relaxing)
 .debug_str     0x00000327       0x1e interrupts.o
                                0x1ac (size before relaxing)
 .debug_str     0x00000345       0x34 io_support.o
                                0x1b5 (size before relaxing)
 .debug_str     0x00000379      0x133 ks0108b.o
                                0x359 (size before relaxing)
 .debug_str     0x000004ac      0x170 lcd.o
                                0x3df (size before relaxing)
 .debug_str     0x0000061c       0x71 nvm.o
                                0x20e (size before relaxing)
 .debug_str     0x0000068d       0x62 serial.o
                                0x227 (size before relaxing)
 .debug_str     0x000006ef       0xc2 t6963.o
                                0x2e5 (size before relaxing)
 .debug_str     0x000007b1       0x21 ui.o
                                0x319 (size before relaxing)

.debug_loc      0x00000000     0x2c25
 *(.debug_loc)
 .debug_loc     0x00000000       0x29 glcdbp.o
 .debug_loc     0x00000029       0x7d interrupts.o
 .debug_loc     0x000000a6       0x5e io_support.o
 .debug_loc     0x00000104      0x4eb ks0108b.o
 .debug_loc     0x000005ef     0x16dc lcd.o
 .debug_loc     0x00001ccb       0xac nvm.o
 .debug_loc     0x00001d77      0x3bc serial.o
 .debug_loc     0x00002133      0x72d t6963.o
 .debug_loc     0x00002860      0x3c5 ui.o

.debug_macinfo
 *(.debug_macinfo)

.debug_weaknames
 *(.debug_weaknames)

.debug_funcnames
 *(.debug_funcnames)

.debug_typenames
 *(.debug_typenames)

.debug_varnames
 *(.debug_varnames)

.debug_pubtypes
 *(.debug_pubtypes)

.debug_ranges   0x00000000      0x378
 *(.debug_ranges)
 .debug_ranges  0x00000000       0x18 glcdbp.o
 .debug_ranges  0x00000018       0x10 interrupts.o
 .debug_ranges  0x00000028       0x28 io_support.o
 .debug_ranges  0x00000050       0x68 ks0108b.o
 .debug_ranges  0x000000b8      0x178 lcd.o
 .debug_ranges  0x00000230       0x48 nvm.o
 .debug_ranges  0x00000278       0x48 serial.o
 .debug_ranges  0x000002c0       0xa8 t6963.o
 .debug_ranges  0x00000368       0x10 ui.o

.debug_macro
 *(.debug_macro)
OUTPUT(AVR_Firmware.elf elf32-avr)
LOAD linker stubs
